// Jest Snapshot v1, https://goo.gl/fbAQLP

exports[`Hello World 1`] = `"Hello World! Your function executed successfully"`;
